// Jest Snapshot v1, https://goo.gl/fbAQLP

exports[`App should match snapshot 1`] = `
<div>
  <div
    class="title"
  >
    <img
      alt="logo"
      src="[object Object]"
    />
    Welcome to React
  </div>
</div>
`;
